MO d_flipflop NULL ../../³¯²KºÖ/homework/lab0_part1_src/d_flipflop.v vlg4F/d__flipflop.bin 1584017577
MO lfsr NULL ../../³¯²KºÖ/homework/lab0_part1_src/lfsr.v vlg63/lfsr.bin 1584017577
MO mux_2to1 NULL ../../³¯²KºÖ/homework/lab0_part1_src/mux_and_tb_for_reference/mux_2to1.v vlg27/mux__2to1.bin 1584017577
